[2025-12-20T02:48:11.688+0000] {taskinstance.py:1157} INFO - Dependencies all met for dep_context=non-requeueable deps ti=<TaskInstance: processo_etl_completo_geopandas.executar_etl_geografico manual__2025-12-20T02:48:09.578130+00:00 [queued]>
[2025-12-20T02:48:11.693+0000] {taskinstance.py:1157} INFO - Dependencies all met for dep_context=requeueable deps ti=<TaskInstance: processo_etl_completo_geopandas.executar_etl_geografico manual__2025-12-20T02:48:09.578130+00:00 [queued]>
[2025-12-20T02:48:11.693+0000] {taskinstance.py:1359} INFO - Starting attempt 1 of 1
[2025-12-20T02:48:11.703+0000] {taskinstance.py:1380} INFO - Executing <Task(PythonOperator): executar_etl_geografico> on 2025-12-20 02:48:09.578130+00:00
[2025-12-20T02:48:11.710+0000] {standard_task_runner.py:57} INFO - Started process 205 to run task
[2025-12-20T02:48:11.713+0000] {standard_task_runner.py:84} INFO - Running: ['airflow', 'tasks', 'run', 'processo_etl_completo_geopandas', 'executar_etl_geografico', 'manual__2025-12-20T02:48:09.578130+00:00', '--job-id', '2', '--raw', '--subdir', 'DAGS_FOLDER/etl_completa.py', '--cfg-path', '/tmp/tmpzrq2rfmv']
[2025-12-20T02:48:11.714+0000] {standard_task_runner.py:85} INFO - Job 2: Subtask executar_etl_geografico
[2025-12-20T02:48:11.751+0000] {task_command.py:415} INFO - Running <TaskInstance: processo_etl_completo_geopandas.executar_etl_geografico manual__2025-12-20T02:48:09.578130+00:00 [running]> on host 4e2f82ba0b31
[2025-12-20T02:48:11.815+0000] {taskinstance.py:1660} INFO - Exporting env vars: AIRFLOW_CTX_DAG_OWNER='airflow' AIRFLOW_CTX_DAG_ID='processo_etl_completo_geopandas' AIRFLOW_CTX_TASK_ID='executar_etl_geografico' AIRFLOW_CTX_EXECUTION_DATE='2025-12-20T02:48:09.578130+00:00' AIRFLOW_CTX_TRY_NUMBER='1' AIRFLOW_CTX_DAG_RUN_ID='manual__2025-12-20T02:48:09.578130+00:00'
[2025-12-20T02:48:11.920+0000] {taskinstance.py:1935} ERROR - Task failed with exception
Traceback (most recent call last):
  File "/home/airflow/.local/lib/python3.8/site-packages/airflow/operators/python.py", line 192, in execute
    return_value = self.execute_callable()
  File "/home/airflow/.local/lib/python3.8/site-packages/airflow/operators/python.py", line 209, in execute_callable
    return self.python_callable(*self.op_args, **self.op_kwargs)
  File "/opt/airflow/dags/etl_completa.py", line 14, in complete_etl
    ufs = gpd.read_file(CAMINHO_SHP, engine='pyogrio')
  File "/home/airflow/.local/lib/python3.8/site-packages/geopandas/io/file.py", line 271, in _read_file
    return _read_file_pyogrio(filename, bbox=bbox, mask=mask, rows=rows, **kwargs)
  File "/home/airflow/.local/lib/python3.8/site-packages/geopandas/io/file.py", line 427, in _read_file_pyogrio
    return pyogrio.read_dataframe(path_or_bytes, bbox=bbox, **kwargs)
  File "/home/airflow/.local/lib/python3.8/site-packages/pyogrio/geopandas.py", line 327, in read_dataframe
    geometry = shapely.from_wkb(geometry, on_invalid=on_invalid)
AttributeError: module 'shapely' has no attribute 'from_wkb'
[2025-12-20T02:48:11.927+0000] {taskinstance.py:1398} INFO - Marking task as FAILED. dag_id=processo_etl_completo_geopandas, task_id=executar_etl_geografico, execution_date=20251220T024809, start_date=20251220T024811, end_date=20251220T024811
[2025-12-20T02:48:11.937+0000] {standard_task_runner.py:104} ERROR - Failed to execute job 2 for task executar_etl_geografico (module 'shapely' has no attribute 'from_wkb'; 205)
[2025-12-20T02:48:11.964+0000] {local_task_job_runner.py:228} INFO - Task exited with return code 1
[2025-12-20T02:48:11.978+0000] {taskinstance.py:2776} INFO - 0 downstream tasks scheduled from follow-on schedule check
