[2025-12-20T00:59:46.224+0000] {taskinstance.py:1157} INFO - Dependencies all met for dep_context=non-requeueable deps ti=<TaskInstance: processar_enderecos_aracaju.filtrar_e_salvar_dados manual__2025-12-20T00:59:43.652772+00:00 [queued]>
[2025-12-20T00:59:46.230+0000] {taskinstance.py:1157} INFO - Dependencies all met for dep_context=requeueable deps ti=<TaskInstance: processar_enderecos_aracaju.filtrar_e_salvar_dados manual__2025-12-20T00:59:43.652772+00:00 [queued]>
[2025-12-20T00:59:46.230+0000] {taskinstance.py:1359} INFO - Starting attempt 1 of 1
[2025-12-20T00:59:46.239+0000] {taskinstance.py:1380} INFO - Executing <Task(PythonOperator): filtrar_e_salvar_dados> on 2025-12-20 00:59:43.652772+00:00
[2025-12-20T00:59:46.246+0000] {standard_task_runner.py:57} INFO - Started process 423 to run task
[2025-12-20T00:59:46.248+0000] {standard_task_runner.py:84} INFO - Running: ['airflow', 'tasks', 'run', 'processar_enderecos_aracaju', 'filtrar_e_salvar_dados', 'manual__2025-12-20T00:59:43.652772+00:00', '--job-id', '5', '--raw', '--subdir', 'DAGS_FOLDER/aracaju.py', '--cfg-path', '/tmp/tmpcmqbihyl']
[2025-12-20T00:59:46.250+0000] {standard_task_runner.py:85} INFO - Job 5: Subtask filtrar_e_salvar_dados
[2025-12-20T00:59:46.285+0000] {task_command.py:415} INFO - Running <TaskInstance: processar_enderecos_aracaju.filtrar_e_salvar_dados manual__2025-12-20T00:59:43.652772+00:00 [running]> on host e9488baada09
[2025-12-20T00:59:46.348+0000] {taskinstance.py:1660} INFO - Exporting env vars: AIRFLOW_CTX_DAG_OWNER='airflow' AIRFLOW_CTX_DAG_ID='processar_enderecos_aracaju' AIRFLOW_CTX_TASK_ID='filtrar_e_salvar_dados' AIRFLOW_CTX_EXECUTION_DATE='2025-12-20T00:59:43.652772+00:00' AIRFLOW_CTX_TRY_NUMBER='1' AIRFLOW_CTX_DAG_RUN_ID='manual__2025-12-20T00:59:43.652772+00:00'
[2025-12-20T00:59:46.350+0000] {taskinstance.py:1935} ERROR - Task failed with exception
Traceback (most recent call last):
  File "/home/airflow/.local/lib/python3.8/site-packages/airflow/operators/python.py", line 192, in execute
    return_value = self.execute_callable()
  File "/home/airflow/.local/lib/python3.8/site-packages/airflow/operators/python.py", line 209, in execute_callable
    return self.python_callable(*self.op_args, **self.op_kwargs)
  File "/opt/airflow/dags/aracaju.py", line 9, in etl_aracaju
    df = pd.read_csv(CAMINHO_CSV)
  File "/home/airflow/.local/lib/python3.8/site-packages/pandas/io/parsers/readers.py", line 912, in read_csv
    return _read(filepath_or_buffer, kwds)
  File "/home/airflow/.local/lib/python3.8/site-packages/pandas/io/parsers/readers.py", line 577, in _read
    parser = TextFileReader(filepath_or_buffer, **kwds)
  File "/home/airflow/.local/lib/python3.8/site-packages/pandas/io/parsers/readers.py", line 1407, in __init__
    self._engine = self._make_engine(f, self.engine)
  File "/home/airflow/.local/lib/python3.8/site-packages/pandas/io/parsers/readers.py", line 1661, in _make_engine
    self.handles = get_handle(
  File "/home/airflow/.local/lib/python3.8/site-packages/pandas/io/common.py", line 859, in get_handle
    handle = open(
FileNotFoundError: [Errno 2] No such file or directory: './dados_processo_seletivo.csv'
[2025-12-20T00:59:46.358+0000] {taskinstance.py:1398} INFO - Marking task as FAILED. dag_id=processar_enderecos_aracaju, task_id=filtrar_e_salvar_dados, execution_date=20251220T005943, start_date=20251220T005946, end_date=20251220T005946
[2025-12-20T00:59:46.367+0000] {standard_task_runner.py:104} ERROR - Failed to execute job 5 for task filtrar_e_salvar_dados ([Errno 2] No such file or directory: './dados_processo_seletivo.csv'; 423)
[2025-12-20T00:59:46.380+0000] {local_task_job_runner.py:228} INFO - Task exited with return code 1
[2025-12-20T00:59:46.392+0000] {taskinstance.py:2776} INFO - 0 downstream tasks scheduled from follow-on schedule check
