[2025-12-20T02:59:57.609+0000] {taskinstance.py:1979} INFO - Dependencies all met for dep_context=non-requeueable deps ti=<TaskInstance: processar_enderecos_aracaju.filtrar_e_salvar_dados manual__2025-12-20T02:59:56.634843+00:00 [queued]>
[2025-12-20T02:59:57.613+0000] {taskinstance.py:1979} INFO - Dependencies all met for dep_context=requeueable deps ti=<TaskInstance: processar_enderecos_aracaju.filtrar_e_salvar_dados manual__2025-12-20T02:59:56.634843+00:00 [queued]>
[2025-12-20T02:59:57.614+0000] {taskinstance.py:2193} INFO - Starting attempt 1 of 1
[2025-12-20T02:59:57.624+0000] {taskinstance.py:2217} INFO - Executing <Task(PythonOperator): filtrar_e_salvar_dados> on 2025-12-20 02:59:56.634843+00:00
[2025-12-20T02:59:57.631+0000] {standard_task_runner.py:60} INFO - Started process 213 to run task
[2025-12-20T02:59:57.633+0000] {standard_task_runner.py:87} INFO - Running: ['airflow', 'tasks', 'run', 'processar_enderecos_aracaju', 'filtrar_e_salvar_dados', 'manual__2025-12-20T02:59:56.634843+00:00', '--job-id', '3', '--raw', '--subdir', 'DAGS_FOLDER/aracaju.py', '--cfg-path', '/tmp/tmpz4dwyh84']
[2025-12-20T02:59:57.636+0000] {standard_task_runner.py:88} INFO - Job 3: Subtask filtrar_e_salvar_dados
[2025-12-20T02:59:57.672+0000] {task_command.py:423} INFO - Running <TaskInstance: processar_enderecos_aracaju.filtrar_e_salvar_dados manual__2025-12-20T02:59:56.634843+00:00 [running]> on host a06fee9b937d
[2025-12-20T02:59:57.730+0000] {taskinstance.py:2513} INFO - Exporting env vars: AIRFLOW_CTX_DAG_OWNER='airflow' AIRFLOW_CTX_DAG_ID='processar_enderecos_aracaju' AIRFLOW_CTX_TASK_ID='filtrar_e_salvar_dados' AIRFLOW_CTX_EXECUTION_DATE='2025-12-20T02:59:56.634843+00:00' AIRFLOW_CTX_TRY_NUMBER='1' AIRFLOW_CTX_DAG_RUN_ID='manual__2025-12-20T02:59:56.634843+00:00'
[2025-12-20T02:59:57.796+0000] {taskinstance.py:2731} ERROR - Task failed with exception
Traceback (most recent call last):
  File "/home/airflow/.local/lib/python3.10/site-packages/airflow/models/taskinstance.py", line 444, in _execute_task
    result = _execute_callable(context=context, **execute_callable_kwargs)
  File "/home/airflow/.local/lib/python3.10/site-packages/airflow/models/taskinstance.py", line 414, in _execute_callable
    return execute_callable(context=context, **execute_callable_kwargs)
  File "/home/airflow/.local/lib/python3.10/site-packages/airflow/operators/python.py", line 200, in execute
    return_value = self.execute_callable()
  File "/home/airflow/.local/lib/python3.10/site-packages/airflow/operators/python.py", line 217, in execute_callable
    return self.python_callable(*self.op_args, **self.op_kwargs)
  File "/opt/airflow/dags/aracaju.py", line 15, in etl_aracaju
    engine = pg_hook.get_sqlalchemy_engine()
  File "/home/airflow/.local/lib/python3.10/site-packages/airflow/providers/common/sql/hooks/sql.py", line 203, in get_sqlalchemy_engine
    return create_engine(self.get_uri(), **engine_kwargs)
  File "/home/airflow/.local/lib/python3.10/site-packages/airflow/providers/postgres/hooks/postgres.py", line 190, in get_uri
    conn = self.get_connection(getattr(self, self.conn_name_attr))
  File "/home/airflow/.local/lib/python3.10/site-packages/airflow/hooks/base.py", line 82, in get_connection
    conn = Connection.get_connection_from_secrets(conn_id)
  File "/home/airflow/.local/lib/python3.10/site-packages/airflow/models/connection.py", line 514, in get_connection_from_secrets
    raise AirflowNotFoundException(f"The conn_id `{conn_id}` isn't defined")
airflow.exceptions.AirflowNotFoundException: The conn_id `postgres_terralab` isn't defined
[2025-12-20T02:59:57.798+0000] {taskinstance.py:1149} INFO - Marking task as FAILED. dag_id=processar_enderecos_aracaju, task_id=filtrar_e_salvar_dados, execution_date=20251220T025956, start_date=20251220T025957, end_date=20251220T025957
[2025-12-20T02:59:57.809+0000] {standard_task_runner.py:107} ERROR - Failed to execute job 3 for task filtrar_e_salvar_dados (The conn_id `postgres_terralab` isn't defined; 213)
[2025-12-20T02:59:57.845+0000] {local_task_job_runner.py:234} INFO - Task exited with return code 1
[2025-12-20T02:59:57.861+0000] {taskinstance.py:3312} INFO - 0 downstream tasks scheduled from follow-on schedule check
