[2025-12-20T01:02:57.725+0000] {taskinstance.py:1157} INFO - Dependencies all met for dep_context=non-requeueable deps ti=<TaskInstance: processar_enderecos_aracaju.filtrar_e_salvar_dados manual__2025-12-20T01:02:56.304306+00:00 [queued]>
[2025-12-20T01:02:57.730+0000] {taskinstance.py:1157} INFO - Dependencies all met for dep_context=requeueable deps ti=<TaskInstance: processar_enderecos_aracaju.filtrar_e_salvar_dados manual__2025-12-20T01:02:56.304306+00:00 [queued]>
[2025-12-20T01:02:57.730+0000] {taskinstance.py:1359} INFO - Starting attempt 1 of 1
[2025-12-20T01:02:57.740+0000] {taskinstance.py:1380} INFO - Executing <Task(PythonOperator): filtrar_e_salvar_dados> on 2025-12-20 01:02:56.304306+00:00
[2025-12-20T01:02:57.746+0000] {standard_task_runner.py:57} INFO - Started process 474 to run task
[2025-12-20T01:02:57.748+0000] {standard_task_runner.py:84} INFO - Running: ['airflow', 'tasks', 'run', 'processar_enderecos_aracaju', 'filtrar_e_salvar_dados', 'manual__2025-12-20T01:02:56.304306+00:00', '--job-id', '6', '--raw', '--subdir', 'DAGS_FOLDER/aracaju.py', '--cfg-path', '/tmp/tmpb6c78vsa']
[2025-12-20T01:02:57.750+0000] {standard_task_runner.py:85} INFO - Job 6: Subtask filtrar_e_salvar_dados
[2025-12-20T01:02:57.787+0000] {task_command.py:415} INFO - Running <TaskInstance: processar_enderecos_aracaju.filtrar_e_salvar_dados manual__2025-12-20T01:02:56.304306+00:00 [running]> on host e9488baada09
[2025-12-20T01:02:57.841+0000] {taskinstance.py:1660} INFO - Exporting env vars: AIRFLOW_CTX_DAG_OWNER='airflow' AIRFLOW_CTX_DAG_ID='processar_enderecos_aracaju' AIRFLOW_CTX_TASK_ID='filtrar_e_salvar_dados' AIRFLOW_CTX_EXECUTION_DATE='2025-12-20T01:02:56.304306+00:00' AIRFLOW_CTX_TRY_NUMBER='1' AIRFLOW_CTX_DAG_RUN_ID='manual__2025-12-20T01:02:56.304306+00:00'
[2025-12-20T01:02:57.843+0000] {taskinstance.py:1935} ERROR - Task failed with exception
Traceback (most recent call last):
  File "/home/airflow/.local/lib/python3.8/site-packages/airflow/operators/python.py", line 192, in execute
    return_value = self.execute_callable()
  File "/home/airflow/.local/lib/python3.8/site-packages/airflow/operators/python.py", line 209, in execute_callable
    return self.python_callable(*self.op_args, **self.op_kwargs)
  File "/opt/airflow/dags/aracaju.py", line 9, in etl_aracaju
    df = pd.read_csv(CAMINHO_CSV)
  File "/home/airflow/.local/lib/python3.8/site-packages/pandas/io/parsers/readers.py", line 912, in read_csv
    return _read(filepath_or_buffer, kwds)
  File "/home/airflow/.local/lib/python3.8/site-packages/pandas/io/parsers/readers.py", line 577, in _read
    parser = TextFileReader(filepath_or_buffer, **kwds)
  File "/home/airflow/.local/lib/python3.8/site-packages/pandas/io/parsers/readers.py", line 1407, in __init__
    self._engine = self._make_engine(f, self.engine)
  File "/home/airflow/.local/lib/python3.8/site-packages/pandas/io/parsers/readers.py", line 1661, in _make_engine
    self.handles = get_handle(
  File "/home/airflow/.local/lib/python3.8/site-packages/pandas/io/common.py", line 859, in get_handle
    handle = open(
FileNotFoundError: [Errno 2] No such file or directory: 'dados_processo_seletivo.csv'
[2025-12-20T01:02:57.849+0000] {taskinstance.py:1398} INFO - Marking task as FAILED. dag_id=processar_enderecos_aracaju, task_id=filtrar_e_salvar_dados, execution_date=20251220T010256, start_date=20251220T010257, end_date=20251220T010257
[2025-12-20T01:02:57.857+0000] {standard_task_runner.py:104} ERROR - Failed to execute job 6 for task filtrar_e_salvar_dados ([Errno 2] No such file or directory: 'dados_processo_seletivo.csv'; 474)
[2025-12-20T01:02:57.880+0000] {local_task_job_runner.py:228} INFO - Task exited with return code 1
[2025-12-20T01:02:57.893+0000] {taskinstance.py:2776} INFO - 0 downstream tasks scheduled from follow-on schedule check
