[2025-12-20T02:59:16.545+0000] {taskinstance.py:1979} INFO - Dependencies all met for dep_context=non-requeueable deps ti=<TaskInstance: processo_etl_completo_geopandas.executar_etl_geografico manual__2025-12-20T02:59:15.710047+00:00 [queued]>
[2025-12-20T02:59:16.550+0000] {taskinstance.py:1979} INFO - Dependencies all met for dep_context=requeueable deps ti=<TaskInstance: processo_etl_completo_geopandas.executar_etl_geografico manual__2025-12-20T02:59:15.710047+00:00 [queued]>
[2025-12-20T02:59:16.550+0000] {taskinstance.py:2193} INFO - Starting attempt 1 of 1
[2025-12-20T02:59:16.560+0000] {taskinstance.py:2217} INFO - Executing <Task(PythonOperator): executar_etl_geografico> on 2025-12-20 02:59:15.710047+00:00
[2025-12-20T02:59:16.567+0000] {standard_task_runner.py:60} INFO - Started process 186 to run task
[2025-12-20T02:59:16.570+0000] {standard_task_runner.py:87} INFO - Running: ['airflow', 'tasks', 'run', 'processo_etl_completo_geopandas', 'executar_etl_geografico', 'manual__2025-12-20T02:59:15.710047+00:00', '--job-id', '2', '--raw', '--subdir', 'DAGS_FOLDER/etl_completa.py', '--cfg-path', '/tmp/tmpkt45scel']
[2025-12-20T02:59:16.571+0000] {standard_task_runner.py:88} INFO - Job 2: Subtask executar_etl_geografico
[2025-12-20T02:59:16.609+0000] {task_command.py:423} INFO - Running <TaskInstance: processo_etl_completo_geopandas.executar_etl_geografico manual__2025-12-20T02:59:15.710047+00:00 [running]> on host a06fee9b937d
[2025-12-20T02:59:16.670+0000] {taskinstance.py:2513} INFO - Exporting env vars: AIRFLOW_CTX_DAG_OWNER='airflow' AIRFLOW_CTX_DAG_ID='processo_etl_completo_geopandas' AIRFLOW_CTX_TASK_ID='executar_etl_geografico' AIRFLOW_CTX_EXECUTION_DATE='2025-12-20T02:59:15.710047+00:00' AIRFLOW_CTX_TRY_NUMBER='1' AIRFLOW_CTX_DAG_RUN_ID='manual__2025-12-20T02:59:15.710047+00:00'
[2025-12-20T02:59:17.398+0000] {taskinstance.py:2731} ERROR - Task failed with exception
Traceback (most recent call last):
  File "/home/airflow/.local/lib/python3.10/site-packages/airflow/models/taskinstance.py", line 444, in _execute_task
    result = _execute_callable(context=context, **execute_callable_kwargs)
  File "/home/airflow/.local/lib/python3.10/site-packages/airflow/models/taskinstance.py", line 414, in _execute_callable
    return execute_callable(context=context, **execute_callable_kwargs)
  File "/home/airflow/.local/lib/python3.10/site-packages/airflow/operators/python.py", line 200, in execute
    return_value = self.execute_callable()
  File "/home/airflow/.local/lib/python3.10/site-packages/airflow/operators/python.py", line 217, in execute_callable
    return self.python_callable(*self.op_args, **self.op_kwargs)
  File "/opt/airflow/dags/etl_completa.py", line 27, in complete_etl
    engine = pg_hook.get_sqlalchemy_engine()
  File "/home/airflow/.local/lib/python3.10/site-packages/airflow/providers/common/sql/hooks/sql.py", line 203, in get_sqlalchemy_engine
    return create_engine(self.get_uri(), **engine_kwargs)
  File "/home/airflow/.local/lib/python3.10/site-packages/airflow/providers/postgres/hooks/postgres.py", line 190, in get_uri
    conn = self.get_connection(getattr(self, self.conn_name_attr))
  File "/home/airflow/.local/lib/python3.10/site-packages/airflow/hooks/base.py", line 82, in get_connection
    conn = Connection.get_connection_from_secrets(conn_id)
  File "/home/airflow/.local/lib/python3.10/site-packages/airflow/models/connection.py", line 514, in get_connection_from_secrets
    raise AirflowNotFoundException(f"The conn_id `{conn_id}` isn't defined")
airflow.exceptions.AirflowNotFoundException: The conn_id `postgres_terralab` isn't defined
[2025-12-20T02:59:17.402+0000] {taskinstance.py:1149} INFO - Marking task as FAILED. dag_id=processo_etl_completo_geopandas, task_id=executar_etl_geografico, execution_date=20251220T025915, start_date=20251220T025916, end_date=20251220T025917
[2025-12-20T02:59:17.413+0000] {standard_task_runner.py:107} ERROR - Failed to execute job 2 for task executar_etl_geografico (The conn_id `postgres_terralab` isn't defined; 186)
[2025-12-20T02:59:17.463+0000] {local_task_job_runner.py:234} INFO - Task exited with return code 1
[2025-12-20T02:59:17.476+0000] {taskinstance.py:3312} INFO - 0 downstream tasks scheduled from follow-on schedule check
